#
# There is insufficient memory for the Java Runtime Environment to continue.
# Native memory allocation (malloc) failed to allocate 1286416 bytes. Error detail: Chunk::new
# Possible reasons:
#   The system is out of physical RAM or swap space
#   This process is running with CompressedOops enabled, and the Java Heap may be blocking the growth of the native heap
# Possible solutions:
#   Reduce memory load on the system
#   Increase physical memory or swap space
#   Check if swap backing store is full
#   Decrease Java heap size (-Xmx/-Xms)
#   Decrease number of Java threads
#   Decrease Java thread stack sizes (-Xss)
#   Set larger code cache with -XX:ReservedCodeCacheSize=
#   JVM is running with Zero Based Compressed Oops mode in which the Java heap is
#     placed in the first 32GB address space. The Java Heap base address is the
#     maximum limit for the native heap growth. Please use -XX:HeapBaseMinAddress
#     to set the Java Heap base and to place the Java Heap above 32GB virtual address.
# This output file may be truncated or incomplete.
#
#  Out of Memory Error (arena.cpp:168), pid=16148, tid=23476
#
# JRE version: OpenJDK Runtime Environment (21.0.9) (build 21.0.9+-14787801-b1163.94)
# Java VM: OpenJDK 64-Bit Server VM (21.0.9+-14787801-b1163.94, mixed mode, tiered, compressed oops, compressed class ptrs, g1 gc, windows-amd64)
# No core dump will be written. Minidumps are not enabled by default on client versions of Windows
#

---------------  S U M M A R Y ------------

Command Line: org.jetbrains.kotlin.cli.jvm.K2JVMCompiler @C:\Users\migue\AndroidStudioProjects\visualize-android\app\build\20260428_11002414484326121898.compiler.options

Host: 13th Gen Intel(R) Core(TM) i7-13620H, 16 cores, 15G,  Windows 11 , 64 bit Build 26100 (10.0.26100.8246)
Time: Tue Apr 28 18:49:54 2026 Hora estándar Montañas, EE.UU. elapsed time: 3.884988 seconds (0d 0h 0m 3s)

---------------  T H R E A D  ---------------

Current thread (0x0000024579df5420):  JavaThread "C2 CompilerThread3" daemon [_thread_in_native, id=23476, stack(0x0000005d02a00000,0x0000005d02b00000) (1024K)]


Current CompileTask:
C2:3885 10006       4       org.jetbrains.kotlin.fir.declarations.DeprecationUtilsKt::extractDeprecationAnnotationInfoPerUseSite (1240 bytes)

Stack: [0x0000005d02a00000,0x0000005d02b00000]
Native frames: (J=compiled Java code, j=interpreted, Vv=VM code, C=native code)
V  [jvm.dll+0x6d6c99]
V  [jvm.dll+0x866b83]
V  [jvm.dll+0x8691ae]
V  [jvm.dll+0x869893]
V  [jvm.dll+0x280776]
V  [jvm.dll+0xc07cd]
V  [jvm.dll+0xc0d03]
V  [jvm.dll+0x3b9831]
V  [jvm.dll+0x3856a7]
V  [jvm.dll+0x384b1a]
V  [jvm.dll+0x249462]
V  [jvm.dll+0x248a31]
V  [jvm.dll+0x1c7344]
V  [jvm.dll+0x2581ae]
V  [jvm.dll+0x2566f6]
V  [jvm.dll+0x3f48a6]
V  [jvm.dll+0x80f118]
V  [jvm.dll+0x6d54ed]
C  [ucrtbase.dll+0x37b0]
C  [KERNEL32.DLL+0x2e8d7]
C  [ntdll.dll+0x8c3fc]


---------------  P R O C E S S  ---------------

Threads class SMR info:
_java_thread_list=0x0000024579408080, length=19, elements={
0x0000024558f95960, 0x00000245739b98d0, 0x00000245739bf160, 0x00000245739d62b0,
0x00000245739e9250, 0x00000245739e9cb0, 0x00000245739ea710, 0x00000245739ed180,
0x00000245739edf10, 0x00000245739fe9c0, 0x0000024573a358b0, 0x0000024573bbc140,
0x0000024573a35f80, 0x0000024573a37ac0, 0x0000024573a36650, 0x0000024573a34b10,
0x0000024579df5420, 0x0000024579df5af0, 0x0000024579df6890
}

Java Threads: ( => current thread )
  0x0000024558f95960 JavaThread "main"                              [_thread_in_Java, id=29344, stack(0x0000005d00a00000,0x0000005d00b00000) (1024K)]
  0x00000245739b98d0 JavaThread "Common-Cleaner"             daemon [_thread_blocked, id=33264, stack(0x0000005d01200000,0x0000005d01300000) (1024K)]
  0x00000245739bf160 JavaThread "Reference Handler"          daemon [_thread_blocked, id=16428, stack(0x0000005d01300000,0x0000005d01400000) (1024K)]
  0x00000245739d62b0 JavaThread "Finalizer"                  daemon [_thread_blocked, id=15124, stack(0x0000005d01400000,0x0000005d01500000) (1024K)]
  0x00000245739e9250 JavaThread "Signal Dispatcher"          daemon [_thread_blocked, id=5784, stack(0x0000005d01500000,0x0000005d01600000) (1024K)]
  0x00000245739e9cb0 JavaThread "Attach Listener"            daemon [_thread_blocked, id=28092, stack(0x0000005d01600000,0x0000005d01700000) (1024K)]
  0x00000245739ea710 JavaThread "Service Thread"             daemon [_thread_blocked, id=16896, stack(0x0000005d01700000,0x0000005d01800000) (1024K)]
  0x00000245739ed180 JavaThread "Monitor Deflation Thread"   daemon [_thread_blocked, id=22968, stack(0x0000005d01800000,0x0000005d01900000) (1024K)]
  0x00000245739edf10 JavaThread "C2 CompilerThread0"         daemon [_thread_blocked, id=36396, stack(0x0000005d01900000,0x0000005d01a00000) (1024K)]
  0x00000245739fe9c0 JavaThread "C1 CompilerThread0"         daemon [_thread_in_native, id=18916, stack(0x0000005d01a00000,0x0000005d01b00000) (1024K)]
  0x0000024573a358b0 JavaThread "C1 CompilerThread1"         daemon [_thread_blocked, id=33712, stack(0x0000005d01b00000,0x0000005d01c00000) (1024K)]
  0x0000024573bbc140 JavaThread "Notification Thread"        daemon [_thread_blocked, id=22188, stack(0x0000005d01c00000,0x0000005d01d00000) (1024K)]
  0x0000024573a35f80 JavaThread "C2 CompilerThread1"         daemon [_thread_in_native, id=29224, stack(0x0000005d01d00000,0x0000005d01e00000) (1024K)]
  0x0000024573a37ac0 JavaThread "C2 CompilerThread2"         daemon [_thread_blocked, id=34568, stack(0x0000005d01e00000,0x0000005d01f00000) (1024K)]
  0x0000024573a36650 JavaThread "C1 CompilerThread2"         daemon [_thread_blocked, id=31304, stack(0x0000005d01f00000,0x0000005d02000000) (1024K)]
  0x0000024573a34b10 JavaThread "C1 CompilerThread3"         daemon [_thread_blocked, id=27044, stack(0x0000005d02000000,0x0000005d02100000) (1024K)]
=>0x0000024579df5420 JavaThread "C2 CompilerThread3"         daemon [_thread_in_native, id=23476, stack(0x0000005d02a00000,0x0000005d02b00000) (1024K)]
  0x0000024579df5af0 JavaThread "C2 CompilerThread4"         daemon [_thread_blocked, id=33720, stack(0x0000005d02e00000,0x0000005d02f00000) (1024K)]
  0x0000024579df6890 JavaThread "C2 CompilerThread5"         daemon [_thread_blocked, id=33492, stack(0x0000005d02f00000,0x0000005d03000000) (1024K)]
Total: 19

Other Threads:
  0x0000024573933570 VMThread "VM Thread"                           [id=5648, stack(0x0000005d01100000,0x0000005d01200000) (1024K)]
  0x0000024572be6070 WatcherThread "VM Periodic Task Thread"        [id=14556, stack(0x0000005d01000000,0x0000005d01100000) (1024K)]
  0x0000024558ff6630 WorkerThread "GC Thread#0"                     [id=12196, stack(0x0000005d00b00000,0x0000005d00c00000) (1024K)]
  0x000002457862ecb0 WorkerThread "GC Thread#1"                     [id=19288, stack(0x0000005d02100000,0x0000005d02200000) (1024K)]
  0x000002457862f050 WorkerThread "GC Thread#2"                     [id=31920, stack(0x0000005d02200000,0x0000005d02300000) (1024K)]
  0x0000024578631400 WorkerThread "GC Thread#3"                     [id=25764, stack(0x0000005d02300000,0x0000005d02400000) (1024K)]
  0x00000245786337b0 WorkerThread "GC Thread#4"                     [id=34416, stack(0x0000005d02400000,0x0000005d02500000) (1024K)]
  0x0000024578633b50 WorkerThread "GC Thread#5"                     [id=12984, stack(0x0000005d02500000,0x0000005d02600000) (1024K)]
  0x00000245788532c0 WorkerThread "GC Thread#6"                     [id=7024, stack(0x0000005d02600000,0x0000005d02700000) (1024K)]
  0x00000245788544e0 WorkerThread "GC Thread#7"                     [id=36652, stack(0x0000005d02700000,0x0000005d02800000) (1024K)]
  0x0000024578dc29b0 WorkerThread "GC Thread#8"                     [id=23956, stack(0x0000005d02b00000,0x0000005d02c00000) (1024K)]
  0x0000024578dbf6f0 WorkerThread "GC Thread#9"                     [id=9380, stack(0x0000005d02c00000,0x0000005d02d00000) (1024K)]
  0x0000024578dbfe30 WorkerThread "GC Thread#10"                    [id=32316, stack(0x0000005d02d00000,0x0000005d02e00000) (1024K)]
  0x0000024579c88450 WorkerThread "GC Thread#11"                    [id=12528, stack(0x0000005d03000000,0x0000005d03100000) (1024K)]
  0x0000024502a5f260 WorkerThread "GC Thread#12"                    [id=36588, stack(0x0000005d03100000,0x0000005d03200000) (1024K)]
  0x0000024559007970 ConcurrentGCThread "G1 Main Marker"            [id=28360, stack(0x0000005d00c00000,0x0000005d00d00000) (1024K)]
  0x00000245590092b0 WorkerThread "G1 Conc#0"                       [id=34976, stack(0x0000005d00d00000,0x0000005d00e00000) (1024K)]
  0x0000024578854880 WorkerThread "G1 Conc#1"                       [id=14756, stack(0x0000005d02800000,0x0000005d02900000) (1024K)]
  0x0000024578853da0 WorkerThread "G1 Conc#2"                       [id=21068, stack(0x0000005d02900000,0x0000005d02a00000) (1024K)]
  0x0000024572aaf430 ConcurrentGCThread "G1 Refine#0"               [id=3748, stack(0x0000005d00e00000,0x0000005d00f00000) (1024K)]
  0x0000024572aafd50 ConcurrentGCThread "G1 Service"                [id=34444, stack(0x0000005d00f00000,0x0000005d01000000) (1024K)]
Total: 21

Threads with active compile tasks:
C2 CompilerThread1  3899 10097       4       org.jetbrains.kotlin.cli.jvm.index.JvmDependenciesIndexImpl::searchClasses (516 bytes)
C2 CompilerThread3  3899 10006       4       org.jetbrains.kotlin.fir.declarations.DeprecationUtilsKt::extractDeprecationAnnotationInfoPerUseSite (1240 bytes)
Total: 2

VM state: not at safepoint (normal execution)

VM Mutex/Monitor currently owned by a thread: None

Heap address: 0x0000000704a00000, size: 4022 MB, Compressed Oops mode: Zero based, Oop shift amount: 3

CDS archive(s) not mapped
Compressed class space mapped at: 0x0000000800000000-0x0000000840000000, reserved size: 1073741824
Narrow klass base: 0x0000000800000000, Narrow klass shift: 0, Narrow klass range: 0x40000000

GC Precious Log:
 CardTable entry size: 512
 Card Set container configuration: InlinePtr #cards 4 size 8 Array Of Cards #cards 16 size 48 Howl #buckets 8 coarsen threshold 3686 Howl Bitmap #cards 512 size 80 coarsen threshold 460 Card regions per heap region 1 cards per card region 4096
 CPUs: 16 total, 16 available
 Memory: 16087M
 Large Page Support: Disabled
 NUMA Support: Disabled
 Compressed Oops: Enabled (Zero based)
 Heap Region Size: 2M
 Heap Min Capacity: 8M
 Heap Initial Capacity: 252M
 Heap Max Capacity: 4022M
 Pre-touch: Disabled
 Parallel Workers: 13
 Concurrent Workers: 3
 Concurrent Refinement Workers: 13
 Periodic GC: Disabled

Heap:
 garbage-first heap   total 198656K, used 155926K [0x0000000704a00000, 0x0000000800000000)
  region size 2048K, 24 young (49152K), 4 survivors (8192K)
 Metaspace       used 65510K, committed 65856K, reserved 1114112K
  class space    used 7445K, committed 7616K, reserved 1048576K

Heap Regions: E=young(eden), S=young(survivor), O=old, HS=humongous(starts), HC=humongous(continues), CS=collection set, F=free, TAMS=top-at-mark-start, PB=parsable bottom
|   0|0x0000000704a00000, 0x0000000704c00000, 0x0000000704c00000|100%|HS|  |TAMS 0x0000000704a00000| PB 0x0000000704a00000| Complete 
|   1|0x0000000704c00000, 0x0000000704e00000, 0x0000000704e00000|100%|HC|  |TAMS 0x0000000704c00000| PB 0x0000000704c00000| Complete 
|   2|0x0000000704e00000, 0x0000000705000000, 0x0000000705000000|100%| O|  |TAMS 0x0000000704e00000| PB 0x0000000704e00000| Untracked 
|   3|0x0000000705000000, 0x0000000705200000, 0x0000000705200000|100%| O|  |TAMS 0x0000000705000000| PB 0x0000000705000000| Untracked 
|   4|0x0000000705200000, 0x0000000705400000, 0x0000000705400000|100%| O|  |TAMS 0x0000000705200000| PB 0x0000000705200000| Untracked 
|   5|0x0000000705400000, 0x0000000705600000, 0x0000000705600000|100%| O|  |TAMS 0x0000000705400000| PB 0x0000000705400000| Untracked 
|   6|0x0000000705600000, 0x0000000705800000, 0x0000000705800000|100%| O|  |TAMS 0x0000000705600000| PB 0x0000000705600000| Untracked 
|   7|0x0000000705800000, 0x0000000705a00000, 0x0000000705a00000|100%| O|  |TAMS 0x0000000705800000| PB 0x0000000705800000| Untracked 
|   8|0x0000000705a00000, 0x0000000705c00000, 0x0000000705c00000|100%| O|  |TAMS 0x0000000705a00000| PB 0x0000000705a00000| Untracked 
|   9|0x0000000705c00000, 0x0000000705e00000, 0x0000000705e00000|100%| O|  |TAMS 0x0000000705c00000| PB 0x0000000705c00000| Untracked 
|  10|0x0000000705e00000, 0x0000000706000000, 0x0000000706000000|100%| O|  |TAMS 0x0000000705e00000| PB 0x0000000705e00000| Untracked 
|  11|0x0000000706000000, 0x0000000706200000, 0x0000000706200000|100%| O|  |TAMS 0x0000000706000000| PB 0x0000000706000000| Untracked 
|  12|0x0000000706200000, 0x0000000706400000, 0x0000000706400000|100%| O|  |TAMS 0x0000000706200000| PB 0x0000000706200000| Untracked 
|  13|0x0000000706400000, 0x0000000706600000, 0x0000000706600000|100%| O|  |TAMS 0x0000000706400000| PB 0x0000000706400000| Untracked 
|  14|0x0000000706600000, 0x0000000706800000, 0x0000000706800000|100%| O|  |TAMS 0x0000000706600000| PB 0x0000000706600000| Untracked 
|  15|0x0000000706800000, 0x0000000706a00000, 0x0000000706a00000|100%| O|  |TAMS 0x0000000706800000| PB 0x0000000706800000| Untracked 
|  16|0x0000000706a00000, 0x0000000706c00000, 0x0000000706c00000|100%| O|  |TAMS 0x0000000706a00000| PB 0x0000000706a00000| Untracked 
|  17|0x0000000706c00000, 0x0000000706d96fe0, 0x0000000706e00000| 79%| O|  |TAMS 0x0000000706c00000| PB 0x0000000706c00000| Untracked 
|  18|0x0000000706e00000, 0x0000000707000000, 0x0000000707000000|100%| O|  |TAMS 0x0000000706e00000| PB 0x0000000706e00000| Untracked 
|  19|0x0000000707000000, 0x0000000707200000, 0x0000000707200000|100%| O|  |TAMS 0x0000000707000000| PB 0x0000000707000000| Untracked 
|  20|0x0000000707200000, 0x0000000707400000, 0x0000000707400000|100%| O|  |TAMS 0x0000000707200000| PB 0x0000000707200000| Untracked 
|  21|0x0000000707400000, 0x0000000707600000, 0x0000000707600000|100%| O|  |TAMS 0x0000000707400000| PB 0x0000000707400000| Untracked 
|  22|0x0000000707600000, 0x0000000707800000, 0x0000000707800000|100%| O|  |TAMS 0x0000000707600000| PB 0x0000000707600000| Untracked 
|  23|0x0000000707800000, 0x0000000707a00000, 0x0000000707a00000|100%| O|  |TAMS 0x0000000707800000| PB 0x0000000707800000| Untracked 
|  24|0x0000000707a00000, 0x0000000707c00000, 0x0000000707c00000|100%| O|  |TAMS 0x0000000707a00000| PB 0x0000000707a00000| Untracked 
|  25|0x0000000707c00000, 0x0000000707e00000, 0x0000000707e00000|100%| O|  |TAMS 0x0000000707c00000| PB 0x0000000707c00000| Untracked 
|  26|0x0000000707e00000, 0x0000000708000000, 0x0000000708000000|100%| O|  |TAMS 0x0000000707e00000| PB 0x0000000707e00000| Untracked 
|  27|0x0000000708000000, 0x0000000708200000, 0x0000000708200000|100%| O|  |TAMS 0x0000000708000000| PB 0x0000000708000000| Untracked 
|  28|0x0000000708200000, 0x0000000708400000, 0x0000000708400000|100%| O|  |TAMS 0x0000000708200000| PB 0x0000000708200000| Untracked 
|  29|0x0000000708400000, 0x0000000708600000, 0x0000000708600000|100%| O|  |TAMS 0x0000000708400000| PB 0x0000000708400000| Untracked 
|  30|0x0000000708600000, 0x0000000708800000, 0x0000000708800000|100%| O|  |TAMS 0x0000000708600000| PB 0x0000000708600000| Untracked 
|  31|0x0000000708800000, 0x0000000708a00000, 0x0000000708a00000|100%| O|  |TAMS 0x0000000708800000| PB 0x0000000708800000| Untracked 
|  32|0x0000000708a00000, 0x0000000708c00000, 0x0000000708c00000|100%| O|  |TAMS 0x0000000708a00000| PB 0x0000000708a00000| Untracked 
|  33|0x0000000708c00000, 0x0000000708e00000, 0x0000000708e00000|100%| O|  |TAMS 0x0000000708c00000| PB 0x0000000708c00000| Untracked 
|  34|0x0000000708e00000, 0x0000000709000000, 0x0000000709000000|100%| O|  |TAMS 0x0000000708e00000| PB 0x0000000708e00000| Untracked 
|  35|0x0000000709000000, 0x0000000709200000, 0x0000000709200000|100%| O|  |TAMS 0x0000000709000000| PB 0x0000000709000000| Untracked 
|  36|0x0000000709200000, 0x0000000709400000, 0x0000000709400000|100%| O|  |TAMS 0x0000000709200000| PB 0x0000000709200000| Untracked 
|  37|0x0000000709400000, 0x0000000709600000, 0x0000000709600000|100%| O|Cm|TAMS 0x0000000709400000| PB 0x0000000709400000| Complete 
|  38|0x0000000709600000, 0x0000000709800000, 0x0000000709800000|100%| O|  |TAMS 0x0000000709600000| PB 0x0000000709600000| Untracked 
|  39|0x0000000709800000, 0x0000000709a00000, 0x0000000709a00000|100%| O|  |TAMS 0x0000000709800000| PB 0x0000000709800000| Untracked 
|  40|0x0000000709a00000, 0x0000000709c00000, 0x0000000709c00000|100%| O|  |TAMS 0x0000000709a00000| PB 0x0000000709a00000| Untracked 
|  41|0x0000000709c00000, 0x0000000709e00000, 0x0000000709e00000|100%| O|  |TAMS 0x0000000709c00000| PB 0x0000000709c00000| Untracked 
|  42|0x0000000709e00000, 0x000000070a000000, 0x000000070a000000|100%| O|  |TAMS 0x0000000709e00000| PB 0x0000000709e00000| Untracked 
|  43|0x000000070a000000, 0x000000070a200000, 0x000000070a200000|100%| O|  |TAMS 0x000000070a000000| PB 0x000000070a000000| Untracked 
|  44|0x000000070a200000, 0x000000070a400000, 0x000000070a400000|100%| O|  |TAMS 0x000000070a200000| PB 0x000000070a200000| Untracked 
|  45|0x000000070a400000, 0x000000070a600000, 0x000000070a600000|100%| O|  |TAMS 0x000000070a400000| PB 0x000000070a400000| Untracked 
|  46|0x000000070a600000, 0x000000070a800000, 0x000000070a800000|100%| O|  |TAMS 0x000000070a600000| PB 0x000000070a600000| Untracked 
|  47|0x000000070a800000, 0x000000070aa00000, 0x000000070aa00000|100%| O|  |TAMS 0x000000070a800000| PB 0x000000070a800000| Untracked 
|  48|0x000000070aa00000, 0x000000070ac00000, 0x000000070ac00000|100%| O|  |TAMS 0x000000070aa00000| PB 0x000000070aa00000| Untracked 
|  49|0x000000070ac00000, 0x000000070ae00000, 0x000000070ae00000|100%| O|  |TAMS 0x000000070ac00000| PB 0x000000070ac00000| Untracked 
|  50|0x000000070ae00000, 0x000000070b000000, 0x000000070b000000|100%| O|  |TAMS 0x000000070ae00000| PB 0x000000070ae00000| Untracked 
|  51|0x000000070b000000, 0x000000070b200000, 0x000000070b200000|100%| O|  |TAMS 0x000000070b000000| PB 0x000000070b000000| Untracked 
|  52|0x000000070b200000, 0x000000070b2aeb70, 0x000000070b400000| 34%| O|  |TAMS 0x000000070b200000| PB 0x000000070b200000| Untracked 
|  53|0x000000070b400000, 0x000000070b400000, 0x000000070b600000|  0%| F|  |TAMS 0x000000070b400000| PB 0x000000070b400000| Untracked 
|  54|0x000000070b600000, 0x000000070b600000, 0x000000070b800000|  0%| F|  |TAMS 0x000000070b600000| PB 0x000000070b600000| Untracked 
|  55|0x000000070b800000, 0x000000070b800000, 0x000000070ba00000|  0%| F|  |TAMS 0x000000070b800000| PB 0x000000070b800000| Untracked 
|  56|0x000000070ba00000, 0x000000070ba00000, 0x000000070bc00000|  0%| F|  |TAMS 0x000000070ba00000| PB 0x000000070ba00000| Untracked 
|  57|0x000000070bc00000, 0x000000070bc00000, 0x000000070be00000|  0%| F|  |TAMS 0x000000070bc00000| PB 0x000000070bc00000| Untracked 
|  58|0x000000070be00000, 0x000000070be00000, 0x000000070c000000|  0%| F|  |TAMS 0x000000070be00000| PB 0x000000070be00000| Untracked 
|  59|0x000000070c000000, 0x000000070c000000, 0x000000070c200000|  0%| F|  |TAMS 0x000000070c000000| PB 0x000000070c000000| Untracked 
|  60|0x000000070c200000, 0x000000070c200000, 0x000000070c400000|  0%| F|  |TAMS 0x000000070c200000| PB 0x000000070c200000| Untracked 
|  61|0x000000070c400000, 0x000000070c400000, 0x000000070c600000|  0%| F|  |TAMS 0x000000070c400000| PB 0x000000070c400000| Untracked 
|  62|0x000000070c600000, 0x000000070c600000, 0x000000070c800000|  0%| F|  |TAMS 0x000000070c600000| PB 0x000000070c600000| Untracked 
|  63|0x000000070c800000, 0x000000070ca00000, 0x000000070ca00000|100%| S|CS|TAMS 0x000000070c800000| PB 0x000000070c800000| Complete 
|  64|0x000000070ca00000, 0x000000070cc00000, 0x000000070cc00000|100%| S|CS|TAMS 0x000000070ca00000| PB 0x000000070ca00000| Complete 
|  65|0x000000070cc00000, 0x000000070ce00000, 0x000000070ce00000|100%| S|CS|TAMS 0x000000070cc00000| PB 0x000000070cc00000| Complete 
|  66|0x000000070ce00000, 0x000000070d000000, 0x000000070d000000|100%| S|CS|TAMS 0x000000070ce00000| PB 0x000000070ce00000| Complete 
|  67|0x000000070d000000, 0x000000070d000000, 0x000000070d200000|  0%| F|  |TAMS 0x000000070d000000| PB 0x000000070d000000| Untracked 
|  68|0x000000070d200000, 0x000000070d200000, 0x000000070d400000|  0%| F|  |TAMS 0x000000070d200000| PB 0x000000070d200000| Untracked 
|  69|0x000000070d400000, 0x000000070d400000, 0x000000070d600000|  0%| F|  |TAMS 0x000000070d400000| PB 0x000000070d400000| Untracked 
|  70|0x000000070d600000, 0x000000070d600000, 0x000000070d800000|  0%| F|  |TAMS 0x000000070d600000| PB 0x000000070d600000| Untracked 
|  71|0x000000070d800000, 0x000000070d800000, 0x000000070da00000|  0%| F|  |TAMS 0x000000070d800000| PB 0x000000070d800000| Untracked 
|  72|0x000000070da00000, 0x000000070da00000, 0x000000070dc00000|  0%| F|  |TAMS 0x000000070da00000| PB 0x000000070da00000| Untracked 
|  73|0x000000070dc00000, 0x000000070dc00000, 0x000000070de00000|  0%| F|  |TAMS 0x000000070dc00000| PB 0x000000070dc00000| Untracked 
|  74|0x000000070de00000, 0x000000070de00000, 0x000000070e000000|  0%| F|  |TAMS 0x000000070de00000| PB 0x000000070de00000| Untracked 
|  75|0x000000070e000000, 0x000000070e000000, 0x000000070e200000|  0%| F|  |TAMS 0x000000070e000000| PB 0x000000070e000000| Untracked 
|  76|0x000000070e200000, 0x000000070e400000, 0x000000070e400000|100%| E|  |TAMS 0x000000070e200000| PB 0x000000070e200000| Complete 
|  77|0x000000070e400000, 0x000000070e600000, 0x000000070e600000|100%| E|CS|TAMS 0x000000070e400000| PB 0x000000070e400000| Complete 
|  78|0x000000070e600000, 0x000000070e800000, 0x000000070e800000|100%| E|CS|TAMS 0x000000070e600000| PB 0x000000070e600000| Complete 
|  79|0x000000070e800000, 0x000000070ea00000, 0x000000070ea00000|100%| E|CS|TAMS 0x000000070e800000| PB 0x000000070e800000| Complete 
|  80|0x000000070ea00000, 0x000000070ec00000, 0x000000070ec00000|100%| E|CS|TAMS 0x000000070ea00000| PB 0x000000070ea00000| Complete 
|  81|0x000000070ec00000, 0x000000070ee00000, 0x000000070ee00000|100%| E|CS|TAMS 0x000000070ec00000| PB 0x000000070ec00000| Complete 
|  82|0x000000070ee00000, 0x000000070f000000, 0x000000070f000000|100%| E|CS|TAMS 0x000000070ee00000| PB 0x000000070ee00000| Complete 
|  83|0x000000070f000000, 0x000000070f200000, 0x000000070f200000|100%| E|CS|TAMS 0x000000070f000000| PB 0x000000070f000000| Complete 
|  84|0x000000070f200000, 0x000000070f400000, 0x000000070f400000|100%| E|CS|TAMS 0x000000070f200000| PB 0x000000070f200000| Complete 
|  85|0x000000070f400000, 0x000000070f600000, 0x000000070f600000|100%| E|CS|TAMS 0x000000070f400000| PB 0x000000070f400000| Complete 
|  86|0x000000070f600000, 0x000000070f800000, 0x000000070f800000|100%| E|CS|TAMS 0x000000070f600000| PB 0x000000070f600000| Complete 
|  87|0x000000070f800000, 0x000000070fa00000, 0x000000070fa00000|100%| E|CS|TAMS 0x000000070f800000| PB 0x000000070f800000| Complete 
|  88|0x000000070fa00000, 0x000000070fc00000, 0x000000070fc00000|100%| E|CS|TAMS 0x000000070fa00000| PB 0x000000070fa00000| Complete 
|  89|0x000000070fc00000, 0x000000070fe00000, 0x000000070fe00000|100%| E|CS|TAMS 0x000000070fc00000| PB 0x000000070fc00000| Complete 
|  90|0x000000070fe00000, 0x0000000710000000, 0x0000000710000000|100%| E|CS|TAMS 0x000000070fe00000| PB 0x000000070fe00000| Complete 
|  91|0x0000000710000000, 0x0000000710200000, 0x0000000710200000|100%| E|CS|TAMS 0x0000000710000000| PB 0x0000000710000000| Complete 
|  92|0x0000000710200000, 0x0000000710400000, 0x0000000710400000|100%| E|CS|TAMS 0x0000000710200000| PB 0x0000000710200000| Complete 
|  93|0x0000000710400000, 0x0000000710600000, 0x0000000710600000|100%| E|CS|TAMS 0x0000000710400000| PB 0x0000000710400000| Complete 
|  94|0x0000000710600000, 0x0000000710800000, 0x0000000710800000|100%| E|CS|TAMS 0x0000000710600000| PB 0x0000000710600000| Complete 
| 125|0x0000000714400000, 0x0000000714600000, 0x0000000714600000|100%| E|CS|TAMS 0x0000000714400000| PB 0x0000000714400000| Complete 
|2010|0x00000007ffe00000, 0x0000000800000000, 0x0000000800000000|100%| O|  |TAMS 0x00000007ffe00000| PB 0x00000007ffe00000| Untracked 

Card table byte_map: [0x000002456c150000,0x000002456c930000] _byte_map_base: 0x000002456892b000

Marking Bits: (CMBitMap*) 0x0000024558ff7540
 Bits: [0x000002456c930000, 0x0000024570808000)

Polling page: 0x0000024556dc0000

Metaspace:

Usage:
  Non-class:     56.70 MB used.
      Class:      7.27 MB used.
       Both:     63.98 MB used.

Virtual space:
  Non-class space:       64.00 MB reserved,      56.88 MB ( 89%) committed,  1 nodes.
      Class space:        1.00 GB reserved,       7.44 MB ( <1%) committed,  1 nodes.
             Both:        1.06 GB reserved,      64.31 MB (  6%) committed. 

Chunk freelists:
   Non-Class:  7.13 MB
       Class:  8.41 MB
        Both:  15.54 MB

MaxMetaspaceSize: unlimited
CompressedClassSpaceSize: 1.00 GB
Initial GC threshold: 21.00 MB
Current GC threshold: 105.56 MB
CDS: off
 - commit_granule_bytes: 65536.
 - commit_granule_words: 8192.
 - virtual_space_node_default_size: 8388608.
 - enlarge_chunks_in_place: 1.
 - use_allocation_guard: 0.


Internal statistics:

num_allocs_failed_limit: 6.
num_arena_births: 308.
num_arena_deaths: 0.
num_vsnodes_births: 2.
num_vsnodes_deaths: 0.
num_space_committed: 1027.
num_space_uncommitted: 0.
num_chunks_returned_to_freelist: 6.
num_chunks_taken_from_freelist: 2270.
num_chunk_merges: 6.
num_chunk_splits: 1882.
num_chunks_enlarged: 1690.
num_inconsistent_stats: 0.

CodeHeap 'non-profiled nmethods': size=119168Kb used=5903Kb max_used=5903Kb free=113264Kb
 bounds [0x0000024563c90000, 0x0000024564260000, 0x000002456b0f0000]
CodeHeap 'profiled nmethods': size=119104Kb used=31124Kb max_used=31124Kb free=87979Kb
 bounds [0x000002455c0f0000, 0x000002455df60000, 0x0000024563540000]
CodeHeap 'non-nmethods': size=7488Kb used=3227Kb max_used=3281Kb free=4260Kb
 bounds [0x0000024563540000, 0x0000024563880000, 0x0000024563c90000]
CodeCache: size=245760Kb, used=40254Kb, max_used=40308Kb, free=205503Kb
 total_blobs=10018, nmethods=9321, adapters=597, full_count=0
Compilation: enabled, stopped_count=0, restarted_count=0

Compilation events (20 events):
Event: 3.874 Thread 0x0000024573a34b10 nmethod 10090 0x0000024563ea2b90 code [0x0000024563ea2d20, 0x0000024563ea2df0]
Event: 3.874 Thread 0x0000024573a34b10 10091       3       org.jetbrains.kotlin.fir.resolve.calls.ConstructorProcessingKt$$Lambda/0x000000080069b5a8::invoke (12 bytes)
Event: 3.874 Thread 0x00000245739fe9c0 10092       3       org.jetbrains.kotlin.fir.resolve.calls.ConstructorProcessingKt::processConstructors$lambda$2$lambda$1 (19 bytes)
Event: 3.874 Thread 0x0000024579df6890 10093       4       org.jetbrains.kotlin.fir.types.ConeTypeUtilsKt::isMarkedNullable (171 bytes)
Event: 3.874 Thread 0x0000024573a34b10 nmethod 10091 0x000002455df34090 code [0x000002455df342e0, 0x000002455df34ae0]
Event: 3.874 Thread 0x00000245739fe9c0 nmethod 10092 0x000002455df34d90 code [0x000002455df34fc0, 0x000002455df35630]
Event: 3.875 Thread 0x0000024573a36650 nmethod 10088 0x000002455df35890 code [0x000002455df36100, 0x000002455df3bce0]
Event: 3.875 Thread 0x0000024579df6890 nmethod 10093 0x0000024563ea2710 code [0x0000024563ea28c0, 0x0000024563ea2a10]
Event: 3.876 Thread 0x00000245739edf10 nmethod 10078 0x0000024563ea1210 code [0x0000024563ea1460, 0x0000024563ea2090]
Event: 3.876 Thread 0x0000024573a358b0 10094       3       org.jetbrains.kotlin.fir.expressions.impl.FirBlockImpl::transformOtherChildren (15 bytes)
Event: 3.876 Thread 0x0000024573a34b10 10095       3       org.jetbrains.kotlin.fir.expressions.impl.FirBlockImpl::transformAnnotations (17 bytes)
Event: 3.876 Thread 0x0000024573a36650 10096       3       org.jetbrains.kotlin.fir.expressions.impl.FirBlockImpl::replaceConeTypeOrNull (6 bytes)
Event: 3.876 Thread 0x0000024573a36650 nmethod 10096 0x000002455df3d110 code [0x000002455df3d2c0, 0x000002455df3d438]
Event: 3.876 Thread 0x0000024573a34b10 nmethod 10095 0x000002455df3d510 code [0x000002455df3d7c0, 0x000002455df3e300]
Event: 3.876 Thread 0x0000024573a358b0 nmethod 10094 0x000002455df3e710 code [0x000002455df3ea40, 0x000002455df3fa40]
Event: 3.878 Thread 0x0000024573a35f80 10097       4       org.jetbrains.kotlin.cli.jvm.index.JvmDependenciesIndexImpl::searchClasses (516 bytes)
Event: 3.881 Thread 0x00000245739edf10 10098       4       org.jetbrains.kotlin.load.kotlin.FileBasedKotlinClass$4::visitMethod (61 bytes)
Event: 3.881 Thread 0x00000245739fe9c0 10099       1       org.jetbrains.kotlin.metadata.ProtoBuf$Property::getGetterFlags (5 bytes)
Event: 3.881 Thread 0x00000245739fe9c0 nmethod 10099 0x0000024563ea0f10 code [0x0000024563ea10a0, 0x0000024563ea1168]
Event: 3.884 Thread 0x00000245739fe9c0 10100       1       org.jetbrains.kotlin.load.kotlin.KotlinClassFinder$Result$KotlinClass::getByteContent (5 bytes)

GC Heap History (20 events):
Event: 0.848 GC heap before
{Heap before GC invocations=5 (full 0):
 garbage-first heap   total 45056K, used 31752K [0x0000000704a00000, 0x0000000800000000)
  region size 2048K, 8 young (16384K), 2 survivors (4096K)
 Metaspace       used 27777K, committed 28096K, reserved 1114112K
  class space    used 3033K, committed 3200K, reserved 1048576K
}
Event: 0.852 GC heap after
{Heap after GC invocations=6 (full 0):
 garbage-first heap   total 45056K, used 23989K [0x0000000704a00000, 0x0000000800000000)
  region size 2048K, 1 young (2048K), 1 survivors (2048K)
 Metaspace       used 27777K, committed 28096K, reserved 1114112K
  class space    used 3033K, committed 3200K, reserved 1048576K
}
Event: 0.971 GC heap before
{Heap before GC invocations=6 (full 0):
 garbage-first heap   total 45056K, used 34229K [0x0000000704a00000, 0x0000000800000000)
  region size 2048K, 6 young (12288K), 1 survivors (2048K)
 Metaspace       used 29213K, committed 29504K, reserved 1114112K
  class space    used 3186K, committed 3328K, reserved 1048576K
}
Event: 0.973 GC heap after
{Heap after GC invocations=7 (full 0):
 garbage-first heap   total 45056K, used 25919K [0x0000000704a00000, 0x0000000800000000)
  region size 2048K, 1 young (2048K), 1 survivors (2048K)
 Metaspace       used 29213K, committed 29504K, reserved 1114112K
  class space    used 3186K, committed 3328K, reserved 1048576K
}
Event: 1.026 GC heap before
{Heap before GC invocations=8 (full 0):
 garbage-first heap   total 45056K, used 34111K [0x0000000704a00000, 0x0000000800000000)
  region size 2048K, 6 young (12288K), 1 survivors (2048K)
 Metaspace       used 29913K, committed 30208K, reserved 1114112K
  class space    used 3274K, committed 3392K, reserved 1048576K
}
Event: 1.029 GC heap after
{Heap after GC invocations=9 (full 0):
 garbage-first heap   total 151552K, used 27221K [0x0000000704a00000, 0x0000000800000000)
  region size 2048K, 1 young (2048K), 1 survivors (2048K)
 Metaspace       used 29913K, committed 30208K, reserved 1114112K
  class space    used 3274K, committed 3392K, reserved 1048576K
}
Event: 1.706 GC heap before
{Heap before GC invocations=9 (full 0):
 garbage-first heap   total 151552K, used 107093K [0x0000000704a00000, 0x0000000800000000)
  region size 2048K, 41 young (83968K), 1 survivors (2048K)
 Metaspace       used 46070K, committed 46336K, reserved 1114112K
  class space    used 5408K, committed 5504K, reserved 1048576K
}
Event: 1.716 GC heap after
{Heap after GC invocations=10 (full 0):
 garbage-first heap   total 151552K, used 37879K [0x0000000704a00000, 0x0000000800000000)
  region size 2048K, 6 young (12288K), 6 survivors (12288K)
 Metaspace       used 46070K, committed 46336K, reserved 1114112K
  class space    used 5408K, committed 5504K, reserved 1048576K
}
Event: 1.871 GC heap before
{Heap before GC invocations=10 (full 0):
 garbage-first heap   total 151552K, used 56311K [0x0000000704a00000, 0x0000000800000000)
  region size 2048K, 16 young (32768K), 6 survivors (12288K)
 Metaspace       used 49000K, committed 49216K, reserved 1114112K
  class space    used 5727K, committed 5824K, reserved 1048576K
}
Event: 1.878 GC heap after
{Heap after GC invocations=11 (full 0):
 garbage-first heap   total 151552K, used 41818K [0x0000000704a00000, 0x0000000800000000)
  region size 2048K, 2 young (4096K), 2 survivors (4096K)
 Metaspace       used 49000K, committed 49216K, reserved 1114112K
  class space    used 5727K, committed 5824K, reserved 1048576K
}
Event: 2.306 GC heap before
{Heap before GC invocations=12 (full 0):
 garbage-first heap   total 143360K, used 113498K [0x0000000704a00000, 0x0000000800000000)
  region size 2048K, 37 young (75776K), 2 survivors (4096K)
 Metaspace       used 53636K, committed 53888K, reserved 1114112K
  class space    used 6178K, committed 6272K, reserved 1048576K
}
Event: 2.316 GC heap after
{Heap after GC invocations=13 (full 0):
 garbage-first heap   total 143360K, used 61019K [0x0000000704a00000, 0x0000000800000000)
  region size 2048K, 5 young (10240K), 5 survivors (10240K)
 Metaspace       used 53636K, committed 53888K, reserved 1114112K
  class space    used 6178K, committed 6272K, reserved 1048576K
}
Event: 2.567 GC heap before
{Heap before GC invocations=13 (full 0):
 garbage-first heap   total 143360K, used 112219K [0x0000000704a00000, 0x0000000800000000)
  region size 2048K, 30 young (61440K), 5 survivors (10240K)
 Metaspace       used 55460K, committed 55744K, reserved 1114112K
  class space    used 6372K, committed 6464K, reserved 1048576K
}
Event: 2.577 GC heap after
{Heap after GC invocations=14 (full 0):
 garbage-first heap   total 190464K, used 75018K [0x0000000704a00000, 0x0000000800000000)
  region size 2048K, 4 young (8192K), 4 survivors (8192K)
 Metaspace       used 55460K, committed 55744K, reserved 1114112K
  class space    used 6372K, committed 6464K, reserved 1048576K
}
Event: 2.813 GC heap before
{Heap before GC invocations=14 (full 0):
 garbage-first heap   total 190464K, used 146698K [0x0000000704a00000, 0x0000000800000000)
  region size 2048K, 39 young (79872K), 4 survivors (8192K)
 Metaspace       used 58615K, committed 58944K, reserved 1114112K
  class space    used 6721K, committed 6848K, reserved 1048576K
}
Event: 2.819 GC heap after
{Heap after GC invocations=15 (full 0):
 garbage-first heap   total 190464K, used 90404K [0x0000000704a00000, 0x0000000800000000)
  region size 2048K, 5 young (10240K), 5 survivors (10240K)
 Metaspace       used 58615K, committed 58944K, reserved 1114112K
  class space    used 6721K, committed 6848K, reserved 1048576K
}
Event: 2.887 GC heap before
{Heap before GC invocations=15 (full 0):
 garbage-first heap   total 190464K, used 151844K [0x0000000704a00000, 0x0000000800000000)
  region size 2048K, 35 young (71680K), 5 survivors (10240K)
 Metaspace       used 58618K, committed 58944K, reserved 1114112K
  class space    used 6721K, committed 6848K, reserved 1048576K
}
Event: 2.892 GC heap after
{Heap after GC invocations=16 (full 0):
 garbage-first heap   total 190464K, used 105949K [0x0000000704a00000, 0x0000000800000000)
  region size 2048K, 5 young (10240K), 5 survivors (10240K)
 Metaspace       used 58618K, committed 58944K, reserved 1114112K
  class space    used 6721K, committed 6848K, reserved 1048576K
}
Event: 3.492 GC heap before
{Heap before GC invocations=16 (full 0):
 garbage-first heap   total 190464K, used 157149K [0x0000000704a00000, 0x0000000800000000)
  region size 2048K, 30 young (61440K), 5 survivors (10240K)
 Metaspace       used 64427K, committed 64704K, reserved 1114112K
  class space    used 7338K, committed 7488K, reserved 1048576K
}
Event: 3.497 GC heap after
{Heap after GC invocations=17 (full 0):
 garbage-first heap   total 190464K, used 117014K [0x0000000704a00000, 0x0000000800000000)
  region size 2048K, 4 young (8192K), 4 survivors (8192K)
 Metaspace       used 64427K, committed 64704K, reserved 1114112K
  class space    used 7338K, committed 7488K, reserved 1048576K
}

Dll operation events (3 events):
Event: 0.005 Loaded shared library C:\Program Files\Android\Android Studio\jbr\bin\java.dll
Event: 0.008 Loaded shared library C:\Program Files\Android\Android Studio\jbr\bin\zip.dll
Event: 0.651 Loaded shared library C:\Program Files\Android\Android Studio\jbr\bin\verify.dll

Deoptimization events (20 events):
Event: 3.861 Thread 0x0000024558f95960 Uncommon trap: trap_request=0xffffffde fr.pc=0x0000024563caf0dc relative=0x000000000000011c
Event: 3.861 Thread 0x0000024558f95960 Uncommon trap: reason=class_check action=maybe_recompile pc=0x0000024563caf0dc method=org.jetbrains.kotlin.fir.types.ConeTypeUtilsKt.isMarkedNullable(Lorg/jetbrains/kotlin/fir/types/ConeKotlinType;)Z @ 97 c2
Event: 3.861 Thread 0x0000024558f95960 DEOPT PACKING pc=0x0000024563caf0dc sp=0x0000005d00af9030
Event: 3.861 Thread 0x0000024558f95960 DEOPT UNPACKING pc=0x0000024563594422 sp=0x0000005d00af8fc0 mode 2
Event: 3.861 Thread 0x0000024558f95960 Uncommon trap: trap_request=0xffffffde fr.pc=0x0000024563caf0dc relative=0x000000000000011c
Event: 3.861 Thread 0x0000024558f95960 Uncommon trap: reason=class_check action=maybe_recompile pc=0x0000024563caf0dc method=org.jetbrains.kotlin.fir.types.ConeTypeUtilsKt.isMarkedNullable(Lorg/jetbrains/kotlin/fir/types/ConeKotlinType;)Z @ 97 c2
Event: 3.861 Thread 0x0000024558f95960 DEOPT PACKING pc=0x0000024563caf0dc sp=0x0000005d00af9030
Event: 3.861 Thread 0x0000024558f95960 DEOPT UNPACKING pc=0x0000024563594422 sp=0x0000005d00af8fc0 mode 2
Event: 3.866 Thread 0x0000024558f95960 DEOPT PACKING pc=0x000002455dc47b2c sp=0x0000005d00afb070
Event: 3.866 Thread 0x0000024558f95960 DEOPT UNPACKING pc=0x0000024563594bc2 sp=0x0000005d00afa6b0 mode 0
Event: 3.866 Thread 0x0000024558f95960 DEOPT PACKING pc=0x000002455dc45014 sp=0x0000005d00afb680
Event: 3.866 Thread 0x0000024558f95960 DEOPT UNPACKING pc=0x0000024563594bc2 sp=0x0000005d00afacc0 mode 0
Event: 3.880 Thread 0x0000024558f95960 Uncommon trap: trap_request=0xffffff45 fr.pc=0x0000024563f1caec relative=0x00000000000021ac
Event: 3.880 Thread 0x0000024558f95960 Uncommon trap: reason=unstable_if action=reinterpret pc=0x0000024563f1caec method=org.jetbrains.kotlin.metadata.jvm.JvmProtoBuf$JvmPropertySignature.<init>(Lorg/jetbrains/kotlin/protobuf/CodedInputStream;Lorg/jetbrains/kotlin/protobuf/ExtensionRegistryLit
Event: 3.880 Thread 0x0000024558f95960 DEOPT PACKING pc=0x0000024563f1caec sp=0x0000005d00afa880
Event: 3.880 Thread 0x0000024558f95960 DEOPT UNPACKING pc=0x0000024563594422 sp=0x0000005d00afa828 mode 2
Event: 3.880 Thread 0x0000024558f95960 Uncommon trap: trap_request=0xffffff45 fr.pc=0x0000024563dd16bc relative=0x000000000000059c
Event: 3.880 Thread 0x0000024558f95960 Uncommon trap: reason=unstable_if action=reinterpret pc=0x0000024563dd16bc method=org.jetbrains.kotlin.metadata.jvm.JvmProtoBuf$JvmPropertySignature.hasDelegateMethod()Z @ 9 c2
Event: 3.880 Thread 0x0000024558f95960 DEOPT PACKING pc=0x0000024563dd16bc sp=0x0000005d00afa920
Event: 3.880 Thread 0x0000024558f95960 DEOPT UNPACKING pc=0x0000024563594422 sp=0x0000005d00afa790 mode 2

Classes loaded (20 events):
Event: 3.131 Loading class java/util/stream/ForEachOps$ForEachOp$OfRef
Event: 3.131 Loading class java/util/stream/ForEachOps$ForEachOp
Event: 3.131 Loading class java/util/stream/ForEachOps$ForEachOp done
Event: 3.131 Loading class java/util/stream/ForEachOps$ForEachOp$OfRef done
Event: 3.144 Loading class java/util/regex/Pattern$StartS
Event: 3.144 Loading class java/util/regex/Pattern$StartS done
Event: 3.146 Loading class java/util/Collections$SynchronizedSet
Event: 3.146 Loading class java/util/Collections$SynchronizedCollection
Event: 3.146 Loading class java/util/Collections$SynchronizedCollection done
Event: 3.146 Loading class java/util/Collections$SynchronizedSet done
Event: 3.154 Loading class java/util/EnumMap$EntrySet
Event: 3.155 Loading class java/util/EnumMap$EntrySet done
Event: 3.155 Loading class java/util/EnumMap$EntryIterator
Event: 3.155 Loading class java/util/EnumMap$EnumMapIterator
Event: 3.155 Loading class java/util/EnumMap$EnumMapIterator done
Event: 3.155 Loading class java/util/EnumMap$EntryIterator done
Event: 3.155 Loading class java/util/EnumMap$EntryIterator$Entry
Event: 3.155 Loading class java/util/EnumMap$EntryIterator$Entry done
Event: 3.845 Loading class java/lang/Byte$ByteCache
Event: 3.845 Loading class java/lang/Byte$ByteCache done

Classes unloaded (0 events):
No events

Classes redefined (0 events):
No events

Internal exceptions (20 events):
Event: 1.969 Thread 0x0000024558f95960 Exception <a 'java/lang/NoSuchMethodError'{0x000000070caa0690}: 'java.lang.Object java.lang.invoke.DirectMethodHandle$Holder.invokeSpecial(java.lang.Object, java.lang.Object, java.lang.Object, java.lang.Object, java.lang.Object, int)'> (0x000000070caa0690) 
thrown [s\src\hotspot\share\interpreter\linkResolver.cpp, line 784]
Event: 1.969 Thread 0x0000024558f95960 Exception <a 'java/lang/NoSuchMethodError'{0x000000070caa4680}: 'java.lang.Object java.lang.invoke.Invokers$Holder.linkToTargetMethod(java.lang.Object, java.lang.Object, java.lang.Object, int, java.lang.Object)'> (0x000000070caa4680) 
thrown [s\src\hotspot\share\interpreter\linkResolver.cpp, line 784]
Event: 2.066 Thread 0x0000024558f95960 Implicit null exception at 0x0000024563f50438 to 0x0000024563f5066c
Event: 2.160 Thread 0x0000024558f95960 Implicit null exception at 0x0000024563f4f5ae to 0x0000024563f4f7a4
Event: 2.162 Thread 0x0000024558f95960 Implicit null exception at 0x0000024563df2d3d to 0x0000024563df2dc1
Event: 2.597 Thread 0x0000024558f95960 Exception <a 'java/lang/NoSuchMethodError'{0x00000007145a7550}: 'java.lang.Object java.lang.invoke.DirectMethodHandle$Holder.newInvokeSpecial(java.lang.Object, int, java.lang.Object)'> (0x00000007145a7550) 
thrown [s\src\hotspot\share\interpreter\linkResolver.cpp, line 784]
Event: 2.600 Thread 0x0000024558f95960 Exception <a 'java/lang/NoSuchMethodError'{0x00000007145e31d8}: 'java.lang.Object java.lang.invoke.DirectMethodHandle$Holder.newInvokeSpecial(java.lang.Object, java.lang.Object, java.lang.Object, java.lang.Object, int, java.lang.Object, java.lang.Object)'> (0x00000007145e31d8) 
thrown [s\src\hotspot\share\interpreter\linkResolver.cpp, line 784]
Event: 2.600 Thread 0x0000024558f95960 Exception <a 'java/lang/NoSuchMethodError'{0x00000007145eb5d8}: 'java.lang.Object java.lang.invoke.Invokers$Holder.linkToTargetMethod(java.lang.Object, java.lang.Object, java.lang.Object, int, java.lang.Object, java.lang.Object, java.lang.Object)'> (0x00000007145eb5d8) 
thrown [s\src\hotspot\share\interpreter\linkResolver.cpp, line 784]
Event: 2.639 Thread 0x0000024558f95960 Exception <a 'java/lang/NoSuchMethodError'{0x000000070fa02380}: 'java.lang.Object java.lang.invoke.DirectMethodHandle$Holder.invokeSpecial(java.lang.Object, java.lang.Object, int, java.lang.Object, java.lang.Object)'> (0x000000070fa02380) 
thrown [s\src\hotspot\share\interpreter\linkResolver.cpp, line 784]
Event: 3.135 Thread 0x0000024558f95960 Exception <a 'java/lang/NoSuchMethodError'{0x000000070ea7b8b8}: 'java.lang.Object java.lang.invoke.Invokers$Holder.invokeExact_MT(java.lang.Object, java.lang.Object, long, java.lang.Object)'> (0x000000070ea7b8b8) 
thrown [s\src\hotspot\share\interpreter\linkResolver.cpp, line 784]
Event: 3.228 Thread 0x0000024558f95960 Exception <a 'java/lang/NoSuchMethodError'{0x000000070e4b3ca8}: 'java.lang.Object java.lang.invoke.DirectMethodHandle$Holder.newInvokeSpecial(java.lang.Object, java.lang.Object, java.lang.Object, java.lang.Object, java.lang.Object, java.lang.Object, java.lang.Object, java.lang.Object, java.lang.Object)'> (0x000000070e4b3ca8) 
thrown [s\src\hotspot\share\interpreter\linkResolver.cpp, line 784]
Event: 3.233 Thread 0x0000024558f95960 Exception <a 'java/lang/NoSuchMethodError'{0x000000070e4ee888}: 'java.lang.Object java.lang.invoke.DirectMethodHandle$Holder.invokeStatic(java.lang.Object, int, java.lang.Object, java.lang.Object)'> (0x000000070e4ee888) 
thrown [s\src\hotspot\share\interpreter\linkResolver.cpp, line 784]
Event: 3.267 Thread 0x0000024558f95960 Exception <a 'java/lang/NoSuchMethodError'{0x000000070e3bbfb8}: 'java.lang.Object java.lang.invoke.DirectMethodHandle$Holder.invokeStatic(java.lang.Object, java.lang.Object, java.lang.Object, int, java.lang.Object, java.lang.Object)'> (0x000000070e3bbfb8) 
thrown [s\src\hotspot\share\interpreter\linkResolver.cpp, line 784]
Event: 3.295 Thread 0x0000024558f95960 Exception <a 'java/lang/NoSuchMethodError'{0x000000070e0c9018}: 'java.lang.Object java.lang.invoke.DirectMethodHandle$Holder.invokeStatic(java.lang.Object, int, java.lang.Object, java.lang.Object, java.lang.Object, java.lang.Object, java.lang.Object)'> (0x000000070e0c9018) 
thrown [s\src\hotspot\share\interpreter\linkResolver.cpp, line 784]
Event: 3.295 Thread 0x0000024558f95960 Exception <a 'java/lang/NoSuchMethodError'{0x000000070e0d24c8}: 'java.lang.Object java.lang.invoke.DirectMethodHandle$Holder.newInvokeSpecial(java.lang.Object, int, java.lang.Object, java.lang.Object, java.lang.Object)'> (0x000000070e0d24c8) 
thrown [s\src\hotspot\share\interpreter\linkResolver.cpp, line 784]
Event: 3.296 Thread 0x0000024558f95960 Exception <a 'java/lang/NoSuchMethodError'{0x000000070e0d9e58}: 'java.lang.Object java.lang.invoke.Invokers$Holder.linkToTargetMethod(int, java.lang.Object, java.lang.Object, java.lang.Object, java.lang.Object)'> (0x000000070e0d9e58) 
thrown [s\src\hotspot\share\interpreter\linkResolver.cpp, line 784]
Event: 3.601 Thread 0x0000024558f95960 Implicit null exception at 0x0000024563f526ac to 0x0000024563f528a0
Event: 3.672 Thread 0x0000024558f95960 Exception <a 'java/lang/NoSuchMethodError'{0x000000070f9d4ff8}: 'java.lang.Object java.lang.invoke.DirectMethodHandle$Holder.newInvokeSpecial(java.lang.Object, java.lang.Object, java.lang.Object, java.lang.Object, java.lang.Object, int)'> (0x000000070f9d4ff8) 
thrown [s\src\hotspot\share\interpreter\linkResolver.cpp, line 784]
Event: 3.672 Thread 0x0000024558f95960 Exception <a 'java/lang/NoSuchMethodError'{0x000000070f9d9a50}: 'java.lang.Object java.lang.invoke.DirectMethodHandle$Holder.invokeSpecial(java.lang.Object, java.lang.Object, java.lang.Object, java.lang.Object, java.lang.Object, java.lang.Object, int)'> (0x000000070f9d9a50) 
thrown [s\src\hotspot\share\interpreter\linkResolver.cpp, line 784]
Event: 3.672 Thread 0x0000024558f95960 Exception <a 'java/lang/NoSuchMethodError'{0x000000070f9ddde8}: 'java.lang.Object java.lang.invoke.Invokers$Holder.linkToTargetMethod(java.lang.Object, java.lang.Object, java.lang.Object, java.lang.Object, int, java.lang.Object)'> (0x000000070f9ddde8) 
thrown [s\src\hotspot\share\interpreter\linkResolver.cpp, line 784]

ZGC Phase Switch (0 events):
No events

VM Operations (20 events):
Event: 3.743 Executing VM operation: HandshakeAllThreads (Deoptimize)
Event: 3.743 Executing VM operation: HandshakeAllThreads (Deoptimize) done
Event: 3.744 Executing VM operation: HandshakeAllThreads (Deoptimize)
Event: 3.744 Executing VM operation: HandshakeAllThreads (Deoptimize) done
Event: 3.759 Executing VM operation: ICBufferFull
Event: 3.759 Executing VM operation: ICBufferFull done
Event: 3.771 Executing VM operation: HandshakeAllThreads (Deoptimize)
Event: 3.771 Executing VM operation: HandshakeAllThreads (Deoptimize) done
Event: 3.809 Executing VM operation: ICBufferFull
Event: 3.809 Executing VM operation: ICBufferFull done
Event: 3.861 Executing VM operation: ICBufferFull
Event: 3.861 Executing VM operation: ICBufferFull done
Event: 3.864 Executing VM operation: HandshakeAllThreads (Deoptimize)
Event: 3.864 Executing VM operation: HandshakeAllThreads (Deoptimize) done
Event: 3.865 Executing VM operation: HandshakeAllThreads (Deoptimize)
Event: 3.865 Executing VM operation: HandshakeAllThreads (Deoptimize) done
Event: 3.866 Executing VM operation: HandshakeAllThreads (Deoptimize)
Event: 3.866 Executing VM operation: HandshakeAllThreads (Deoptimize) done
Event: 3.883 Executing VM operation: HandshakeAllThreads (Deoptimize)
Event: 3.883 Executing VM operation: HandshakeAllThreads (Deoptimize) done

Memory protections (0 events):
No events

Nmethod flushes (20 events):
Event: 3.524 Thread 0x0000024573933570 flushing  nmethod 0x000002455c6f2210
Event: 3.524 Thread 0x0000024573933570 flushing  nmethod 0x000002455c6f9490
Event: 3.524 Thread 0x0000024573933570 flushing  nmethod 0x000002455c733490
Event: 3.524 Thread 0x0000024573933570 flushing  nmethod 0x000002455c767010
Event: 3.524 Thread 0x0000024573933570 flushing  nmethod 0x000002455c76c810
Event: 3.524 Thread 0x0000024573933570 flushing  nmethod 0x000002455c76db10
Event: 3.524 Thread 0x0000024573933570 flushing  nmethod 0x000002455c7d6590
Event: 3.524 Thread 0x0000024573933570 flushing  nmethod 0x000002455c842f10
Event: 3.524 Thread 0x0000024573933570 flushing  nmethod 0x000002455c8b2810
Event: 3.524 Thread 0x0000024573933570 flushing  nmethod 0x000002455c8b3210
Event: 3.524 Thread 0x0000024573933570 flushing  nmethod 0x000002455c8b3590
Event: 3.524 Thread 0x0000024573933570 flushing  nmethod 0x000002455c8b3a10
Event: 3.524 Thread 0x0000024573933570 flushing  nmethod 0x000002455c8b6910
Event: 3.524 Thread 0x0000024573933570 flushing  nmethod 0x000002455c8c0d90
Event: 3.524 Thread 0x0000024573933570 flushing  nmethod 0x000002455c8c1210
Event: 3.524 Thread 0x0000024573933570 flushing  nmethod 0x000002455c8c1b10
Event: 3.524 Thread 0x0000024573933570 flushing osr nmethod 0x000002455c9de410
Event: 3.524 Thread 0x0000024573933570 flushing osr nmethod 0x000002455c9fe890
Event: 3.524 Thread 0x0000024573933570 flushing  nmethod 0x000002455ca03890
Event: 3.524 Thread 0x0000024573933570 flushing  nmethod 0x000002455ca5a110

Events (20 events):
Event: 0.049 Thread 0x0000024558f95960 Thread added: 0x0000024573bbc140
Event: 0.054 Loaded shared library C:\Program Files\Android\Android Studio\jbr\bin\net.dll
Event: 0.056 Loaded shared library C:\Program Files\Android\Android Studio\jbr\bin\nio.dll
Event: 0.061 Thread 0x00000245739edf10 Thread added: 0x0000024573a35f80
Event: 0.061 Thread 0x00000245739edf10 Thread added: 0x0000024573a37ac0
Event: 0.067 Loaded shared library C:\Program Files\Android\Android Studio\jbr\bin\zip.dll
Event: 0.089 Loaded shared library C:\Program Files\Android\Android Studio\jbr\bin\jimage.dll
Event: 0.138 Thread 0x00000245739fe9c0 Thread added: 0x0000024573a36650
Event: 0.203 Loaded shared library C:\Program Files\Android\Android Studio\jbr\bin\management.dll
Event: 0.207 Loaded shared library C:\Program Files\Android\Android Studio\jbr\bin\management_ext.dll
Event: 0.235 Thread 0x0000024573a358b0 Thread added: 0x0000024573a34b10
Event: 0.725 Thread 0x00000245739edf10 Thread added: 0x0000024573a373f0
Event: 0.985 Thread 0x0000024573a373f0 Thread added: 0x0000024573a351e0
Event: 0.985 Thread 0x0000024573a373f0 Thread added: 0x0000024579df5af0
Event: 1.361 Thread 0x0000024579df5af0 Thread exited: 0x0000024579df5af0
Event: 1.361 Thread 0x0000024573a351e0 Thread exited: 0x0000024573a351e0
Event: 1.403 Thread 0x0000024573a373f0 Thread exited: 0x0000024573a373f0
Event: 1.451 Thread 0x0000024573a35f80 Thread added: 0x0000024579df5420
Event: 1.498 Thread 0x00000245739fe9c0 Thread added: 0x0000024579df5af0
Event: 1.499 Thread 0x00000245739fe9c0 Thread added: 0x0000024579df6890


Dynamic libraries:
0x00007ff6dfd40000 - 0x00007ff6dfd4a000 	C:\Program Files\Android\Android Studio\jbr\bin\java.exe
0x00007ffe6f1a0000 - 0x00007ffe6f407000 	C:\WINDOWS\SYSTEM32\ntdll.dll
0x00007ffe40b30000 - 0x00007ffe40b51000 	C:\Program Files\Norton\Suite\aswhook.dll
0x00007ffe6e4f0000 - 0x00007ffe6e5b9000 	C:\WINDOWS\System32\KERNEL32.DLL
0x00007ffe6c9b0000 - 0x00007ffe6cda4000 	C:\WINDOWS\System32\KERNELBASE.dll
0x00007ffe6bc10000 - 0x00007ffe6bd5b000 	C:\WINDOWS\System32\ucrtbase.dll
0x00007ffe5add0000 - 0x00007ffe5ade8000 	C:\Program Files\Android\Android Studio\jbr\bin\jli.dll
0x00007ffe5bcd0000 - 0x00007ffe5bceb000 	C:\Program Files\Android\Android Studio\jbr\bin\VCRUNTIME140.dll
0x00007ffe6e1c0000 - 0x00007ffe6e385000 	C:\WINDOWS\System32\USER32.dll
0x00007ffe6bbe0000 - 0x00007ffe6bc07000 	C:\WINDOWS\System32\win32u.dll
0x00007ffe55e40000 - 0x00007ffe560d3000 	C:\WINDOWS\WinSxS\amd64_microsoft.windows.common-controls_6595b64144ccf1df_6.0.26100.8115_none_3e075c82e3354f9c\COMCTL32.dll
0x00007ffe6e8b0000 - 0x00007ffe6e8db000 	C:\WINDOWS\System32\GDI32.dll
0x00007ffe6c880000 - 0x00007ffe6c9ab000 	C:\WINDOWS\System32\gdi32full.dll
0x00007ffe6e6b0000 - 0x00007ffe6e759000 	C:\WINDOWS\System32\msvcrt.dll
0x00007ffe6c660000 - 0x00007ffe6c703000 	C:\WINDOWS\System32\msvcp_win.dll
0x00007ffe6e0c0000 - 0x00007ffe6e0f2000 	C:\WINDOWS\System32\IMM32.DLL
0x00007ffe685b0000 - 0x00007ffe685bc000 	C:\Program Files\Android\Android Studio\jbr\bin\vcruntime140_1.dll
0x00007ffe1c0e0000 - 0x00007ffe1c16d000 	C:\Program Files\Android\Android Studio\jbr\bin\msvcp140.dll
0x00007ffd6fd30000 - 0x00007ffd709c6000 	C:\Program Files\Android\Android Studio\jbr\bin\server\jvm.dll
0x00007ffe6eb30000 - 0x00007ffe6ebe6000 	C:\WINDOWS\System32\ADVAPI32.dll
0x00007ffe6dce0000 - 0x00007ffe6dd87000 	C:\WINDOWS\System32\sechost.dll
0x00007ffe6dfa0000 - 0x00007ffe6e0b8000 	C:\WINDOWS\System32\RPCRT4.dll
0x00007ffe6ddf0000 - 0x00007ffe6de70000 	C:\WINDOWS\System32\WS2_32.dll
0x00007ffe60000000 - 0x00007ffe6000b000 	C:\WINDOWS\SYSTEM32\VERSION.dll
0x00007ffe5d300000 - 0x00007ffe5d336000 	C:\WINDOWS\SYSTEM32\WINMM.dll
0x00007ffe6b360000 - 0x00007ffe6b3be000 	C:\WINDOWS\SYSTEM32\POWRPROF.dll
0x00007ffe6b340000 - 0x00007ffe6b354000 	C:\WINDOWS\SYSTEM32\UMPDC.dll
0x00007ffe6a800000 - 0x00007ffe6a81b000 	C:\WINDOWS\SYSTEM32\kernel.appcore.dll
0x00007ffe5be30000 - 0x00007ffe5be3a000 	C:\Program Files\Android\Android Studio\jbr\bin\jimage.dll
0x00007ffe699a0000 - 0x00007ffe69be2000 	C:\WINDOWS\SYSTEM32\DBGHELP.DLL
0x00007ffe6ebf0000 - 0x00007ffe6ef72000 	C:\WINDOWS\System32\combase.dll
0x00007ffe6e5c0000 - 0x00007ffe6e698000 	C:\WINDOWS\System32\OLEAUT32.dll
0x00007ffe5f500000 - 0x00007ffe5f53b000 	C:\WINDOWS\SYSTEM32\dbgcore.DLL
0x00007ffe6bb30000 - 0x00007ffe6bbd5000 	C:\WINDOWS\System32\bcryptPrimitives.dll
0x00007ffe5bcb0000 - 0x00007ffe5bcd0000 	C:\Program Files\Android\Android Studio\jbr\bin\java.dll
0x00007ffe5af70000 - 0x00007ffe5af88000 	C:\Program Files\Android\Android Studio\jbr\bin\zip.dll
0x00007ffe6d0e0000 - 0x00007ffe6d847000 	C:\WINDOWS\System32\SHELL32.dll
0x00007ffe6c710000 - 0x00007ffe6c87a000 	C:\WINDOWS\System32\wintypes.dll
0x00007ffe6bdf0000 - 0x00007ffe6c658000 	C:\WINDOWS\System32\windows.storage.dll
0x00007ffe6e8e0000 - 0x00007ffe6e9d8000 	C:\WINDOWS\System32\SHCORE.dll
0x00007ffe6eab0000 - 0x00007ffe6eb16000 	C:\WINDOWS\System32\shlwapi.dll
0x00007ffe6b990000 - 0x00007ffe6b9b9000 	C:\WINDOWS\SYSTEM32\profapi.dll
0x00007ffe5bc20000 - 0x00007ffe5bc30000 	C:\Program Files\Android\Android Studio\jbr\bin\net.dll
0x00007ffe62d30000 - 0x00007ffe62e5d000 	C:\WINDOWS\SYSTEM32\WINHTTP.dll
0x00007ffe6ad70000 - 0x00007ffe6addc000 	C:\WINDOWS\system32\mswsock.dll
0x00007ffe24b40000 - 0x00007ffe24b56000 	C:\Program Files\Android\Android Studio\jbr\bin\nio.dll
0x00007ffe3ce40000 - 0x00007ffe3ce49000 	C:\Program Files\Android\Android Studio\jbr\bin\management.dll
0x00007ffe3b930000 - 0x00007ffe3b93b000 	C:\Program Files\Android\Android Studio\jbr\bin\management_ext.dll
0x00007ffe6e820000 - 0x00007ffe6e828000 	C:\WINDOWS\System32\PSAPI.DLL
0x00007ffe354e0000 - 0x00007ffe354f0000 	C:\Program Files\Android\Android Studio\jbr\bin\verify.dll

JVMTI agents: none

dbghelp: loaded successfully - version: 4.0.5 - missing functions: none
symbol engine: initialized successfully - sym options: 0x614 - pdb path: .;C:\Program Files\Android\Android Studio\jbr\bin;C:\WINDOWS\SYSTEM32;C:\Program Files\Norton\Suite;C:\WINDOWS\WinSxS\amd64_microsoft.windows.common-controls_6595b64144ccf1df_6.0.26100.8115_none_3e075c82e3354f9c;C:\Program Files\Android\Android Studio\jbr\bin\server

VM Arguments:
java_command: org.jetbrains.kotlin.cli.jvm.K2JVMCompiler @C:\Users\migue\AndroidStudioProjects\visualize-android\app\build\20260428_11002414484326121898.compiler.options
java_class_path (initial): C:\Users\migue\.gradle\caches\modules-2\files-2.1\org.jetbrains.kotlin\kotlin-compiler-embeddable\2.2.10\6882d39ef03b18879c1a5d2a83c2212361bed5fe\kotlin-compiler-embeddable-2.2.10.jar;C:\Users\migue\.gradle\caches\modules-2\files-2.1\org.jetbrains.kotlin\kotlin-stdlib\2.2.10\30de6faa127a4a012db8e71bf1b9c0a99b1402b2\kotlin-stdlib-2.2.10.jar;C:\Users\migue\.gradle\caches\modules-2\files-2.1\org.jetbrains.kotlin\kotlin-script-runtime\2.2.10\712f9bc08f378c13a4a00f0bbb28c76e59183e83\kotlin-script-runtime-2.2.10.jar;C:\Users\migue\.gradle\caches\modules-2\files-2.1\org.jetbrains.kotlin\kotlin-reflect\1.6.10\1cbe9c92c12a94eea200d23c2bbaedaf3daf5132\kotlin-reflect-1.6.10.jar;C:\Users\migue\.gradle\caches\modules-2\files-2.1\org.jetbrains.kotlin\kotlin-daemon-embeddable\2.2.10\212fd3c2c6e4e5d0f4db3c4191233e2b622380cc\kotlin-daemon-embeddable-2.2.10.jar;C:\Users\migue\.gradle\caches\modules-2\files-2.1\org.jetbrains.kotlinx\kotlinx-coroutines-core-jvm\1.8.0\ac1dc37a30a93150b704022f8d895ee1bd3a36b3\kotlinx-coroutines-core-jvm-1.8.0.jar;C:\Users\migue\.gradle\caches\modules-2\files-2.1\org.jetbrains\annotations\13.0\919f0dfe192fb4e063e7dacadee7f8bb9a2672a9\annotations-13.0.jar
Launcher Type: SUN_STANDARD

[Global flags]
     intx CICompilerCount                          = 12                                        {product} {ergonomic}
     uint ConcGCThreads                            = 3                                         {product} {ergonomic}
     uint G1ConcRefinementThreads                  = 13                                        {product} {ergonomic}
   size_t G1HeapRegionSize                         = 2097152                                   {product} {ergonomic}
    uintx GCDrainStackTargetSize                   = 64                                        {product} {ergonomic}
   size_t InitialHeapSize                          = 264241152                                 {product} {ergonomic}
   size_t MarkStackSize                            = 4194304                                   {product} {ergonomic}
   size_t MaxHeapSize                              = 4217372672                                {product} {ergonomic}
   size_t MaxNewSize                               = 2529165312                                {product} {ergonomic}
   size_t MinHeapDeltaBytes                        = 2097152                                   {product} {ergonomic}
   size_t MinHeapSize                              = 8388608                                   {product} {ergonomic}
    uintx NonNMethodCodeHeapSize                   = 7602480                                {pd product} {ergonomic}
    uintx NonProfiledCodeHeapSize                  = 122027880                              {pd product} {ergonomic}
    uintx ProfiledCodeHeapSize                     = 122027880                              {pd product} {ergonomic}
    uintx ReservedCodeCacheSize                    = 251658240                              {pd product} {ergonomic}
     bool SegmentedCodeCache                       = true                                      {product} {ergonomic}
   size_t SoftMaxHeapSize                          = 4217372672                             {manageable} {ergonomic}
     bool UseCompressedOops                        = true                           {product lp64_product} {ergonomic}
     bool UseG1GC                                  = true                                      {product} {ergonomic}
     bool UseLargePagesIndividualAllocation        = false                                  {pd product} {ergonomic}

Logging:
Log output configuration:
 #0: stdout all=warning uptime,level,tags foldmultilines=false
 #1: stderr all=off uptime,level,tags foldmultilines=false

Release file:
JAVA_VERSION="21.0.9" 
MODULES="java.base java.compiler java.datatransfer java.xml java.prefs java.desktop java.instrument java.logging java.management java.security.sasl java.naming java.rmi java.management.rmi java.net.http java.scripting java.security.jgss java.transaction.xa java.sql java.sql.rowset java.xml.crypto java.se java.smartcardio jdk.accessibility jdk.internal.jvmstat jdk.attach jdk.charsets jdk.internal.opt jdk.zipfs jdk.compiler jdk.crypto.ec jdk.crypto.cryptoki jdk.dynalink jdk.hotspot.agent jdk.httpserver jdk.internal.ed jdk.internal.le jdk.internal.vm.ci jdk.jartool jdk.javadoc jdk.jcmd jdk.jdeps jdk.jdwp.agent jdk.jdi jdk.jfr jdk.jlink jdk.jsobject jdk.localedata jdk.management jdk.management.agent jdk.management.jfr jdk.naming.dns jdk.naming.rmi jdk.net jdk.sctp jdk.security.auth jdk.security.jgss jdk.unsupported jdk.unsupported.desktop jdk.xml.dom" 
IMPLEMENTOR="JetBrains s.r.o." 
JAVA_RUNTIME_VERSION="21.0.9+-14787801-b1163.94" 
LIBC="default" 
OS_ARCH="x86_64" 
OS_NAME="Windows" 
SOURCE=".:git:0c757ddc9f2f" 

Environment Variables:
PATH=C:\Program Files\Common Files\Oracle\Java\javapath;C:\Program Files\Eclipse Adoptium\jdk-21.0.9.10-hotspot\bin;C:\Program Files\NVIDIA GPU Computing Toolkit\CUDA\v13.0\bin\x64;C:\Program Files\NVIDIA GPU Computing Toolkit\CUDA\v13.0\bin;;;C:\Program Files (x86)\Common Files\Oracle\Java\java8path;C:\Program Files (x86)\Common Files\Oracle\Java\javapath;C:\Windows\system32;C:\Windows;C:\Windows\System32\Wbem;C:\Windows\System32\WindowsPowerShell\v1.0\;C:\Windows\System32\OpenSSH\;C:\Program Files (x86)\NVIDIA Corporation\PhysX\Common;C:\Program Files\MATLAB\R2023b\bin;C:\Program Files\GitHub CLI\;C:\Program Files\dotnet\;C:\Program Files\NVIDIA Corporation\NVIDIA app\NvDLISR;C:\Program Files\Git\cmd;C:\Program Files\nodejs\;C:\WINDOWS\system32;C:\WINDOWS;C:\WINDOWS\System32\Wbem;C:\WINDOWS\System32\WindowsPowerShell\v1.0\;C:\WINDOWS\System32\OpenSSH\;C:\Program Files\NVIDIA Corporation\Nsight Compute 2025.3.0\;C:\ProgramData\chocolatey\bin;C:\Users\migue\AppData\Local\Microsoft\WindowsApps;C:\Users\migue\AppData\Local\Programs\Microsoft VS Code\bin;C:\MinGW\bin;C:\Users\migue\Downloads\Brackets.io\;C:\Users\migue\AppData\Roaming\npm;C:\Users\migue\.dotnet\tools;C:\ProgramData\chocolatey\bin;
USERNAME=migue
OS=Windows_NT
PROCESSOR_IDENTIFIER=Intel64 Family 6 Model 186 Stepping 2, GenuineIntel
TMP=C:\Users\migue\AppData\Local\Temp
TEMP=C:\Users\migue\AppData\Local\Temp




Periodic native trim disabled

JNI global refs:
JNI global refs: 25, weak refs: 0

JNI global refs memory usage: 835, weak refs: 833

Process memory usage:
Resident Set Size: 485084K (2% of 16473608K total physical memory with 983212K free physical memory)

OOME stack traces (most recent first):
Classloader memory used:
Loader jdk.internal.loader.ClassLoaders$AppClassLoader                                 : 52470K
Loader bootstrap                                                                       : 12059K
Loader java.net.URLClassLoader                                                         : 601K
Loader jdk.internal.jrtfs.JrtFileSystemProvider$JrtFsLoader                            : 332K
Loader jdk.internal.loader.ClassLoaders$PlatformClassLoader                            : 67872B

Classes loaded by more than one classloader:
Class jdk.internal.jimage.BasicImageReader                                            : loaded 2 times (x 95B)
Class jdk.internal.jimage.decompressor.StringSharingDecompressorFactory               : loaded 2 times (x 74B)
Class jdk.internal.jrtfs.JrtFileSystemProvider                                        : loaded 2 times (x 101B)
Class jdk.internal.jimage.ImageLocation                                               : loaded 2 times (x 90B)
Class jdk.internal.jimage.ImageBufferCache$1                                          : loaded 2 times (x 83B)
Class jdk.internal.jimage.ImageBufferCache$2                                          : loaded 2 times (x 91B)
Class jdk.internal.jimage.ImageHeader                                                 : loaded 2 times (x 71B)
Class jdk.internal.jimage.decompressor.ResourceDecompressor                           : loaded 2 times (x 70B)
Class jdk.internal.jimage.ImageStringsReader                                          : loaded 2 times (x 80B)
Class jdk.internal.jimage.ImageReader                                                 : loaded 2 times (x 75B)
Class jdk.internal.jimage.ImageReader$SharedImageReader                               : loaded 2 times (x 95B)
Class jdk.internal.jimage.decompressor.ResourceDecompressorFactory                    : loaded 2 times (x 74B)
Class jdk.internal.jimage.ImageReader$Node                                            : loaded 2 times (x 84B)
Class jdk.internal.jimage.BasicImageReader$1                                          : loaded 2 times (x 77B)
Class jdk.internal.jimage.decompressor.Decompressor                                   : loaded 2 times (x 72B)
Class jdk.internal.jimage.ImageBufferCache                                            : loaded 2 times (x 71B)
Class jdk.internal.jrtfs.JrtPath                                                      : loaded 2 times (x 118B)
Class jdk.internal.jimage.decompressor.ResourceDecompressorRepository                 : loaded 2 times (x 71B)
Class jdk.internal.jimage.ImageReader$Directory                                       : loaded 2 times (x 84B)
Class jdk.internal.jimage.decompressor.ZipDecompressorFactory                         : loaded 2 times (x 74B)
Class jdk.internal.jimage.decompressor.ZipDecompressor                                : loaded 2 times (x 75B)
Class jdk.internal.jimage.ImageStrings                                                : loaded 2 times (x 70B)
Class jdk.internal.jrtfs.JrtFileSystem                                                : loaded 2 times (x 102B)
Class jdk.internal.jimage.decompressor.CompressedResourceHeader                       : loaded 2 times (x 71B)
Class jdk.internal.jimage.decompressor.ResourceDecompressor$StringsProvider           : loaded 2 times (x 70B)

---------------  S Y S T E M  ---------------

OS:
 Windows 11 , 64 bit Build 26100 (10.0.26100.8246)
OS uptime: 0 days 4:51 hours
Hyper-V role detected

CPU: total 16 (initial active 16) (8 cores per cpu, 2 threads per core) family 6 model 186 stepping 2 microcode 0x410e, cx8, cmov, fxsr, ht, mmx, 3dnowpref, sse, sse2, sse3, ssse3, sse4.1, sse4.2, popcnt, lzcnt, tsc, tscinvbit, avx, avx2, aes, erms, clmul, bmi1, bmi2, adx, sha, fma, vzeroupper, clflush, clflushopt, clwb, hv, serialize, rdtscp, rdpid, fsrm, f16c, cet_ibt, cet_ss
Processor Information for the first 16 processors :
  Max Mhz: 2400, Current Mhz: 2400, Mhz Limit: 2400

Memory: 4k page, system-wide physical 16087M (960M free)
TotalPageFile size 34635M (AvailPageFile size 2M)
current process WorkingSet (physical memory assigned to process): 474M, peak: 474M
current process commit charge ("private bytes"): 497M, peak: 498M

vm_info: OpenJDK 64-Bit Server VM (21.0.9+-14787801-b1163.94) for windows-amd64 JRE (21.0.9+-14787801-b1163.94), built on 2026-01-27T21:15:44Z by "builder" with MS VC++ 16.10 / 16.11 (VS2019)

END.
